// Jest Snapshot v1, https://goo.gl/fbAQLP

exports[`Integration: prove identity callback permission to visit /ipv-callback should redirect when not on permitted journey to /ipv-callback 1`] = `
Object {
  "contentId": "3104ec55-1a4e-4811-b927-0531fb315480",
  "taxonomyLevel1": "authentication",
  "taxonomyLevel2": "create account",
  "taxonomyLevel3": "",
  "taxonomyLevel4": "",
  "taxonomyLevel5": "",
}
`;
