// Jest Snapshot v1, https://goo.gl/fbAQLP

exports[`Integration:: resend SMS mfa code (account creation variant) should return 500 error screen when API call fails 1`] = `
Object {
  "taxonomyLevel1": "authentication",
  "taxonomyLevel2": "create account",
}
`;

exports[`Integration:: resend SMS mfa code (account creation variant) should return error when csrf not present 1`] = `
Object {
  "taxonomyLevel1": undefined,
  "taxonomyLevel2": undefined,
}
`;

exports[`Integration:: resend SMS mfa code (account creation variant) should return resend mfa code page 1`] = `
Object {
  "taxonomyLevel1": "authentication",
  "taxonomyLevel2": "create account",
}
`;
