// Jest Snapshot v1, https://goo.gl/fbAQLP

exports[`Integration::2fa auth app (in reset password flow) should return updated check auth app page 1`] = `
Object {
  "contentId": "943b41f4-8262-417f-8866-c0639319ccf0",
  "taxonomyLevel1": "authentication",
  "taxonomyLevel2": "account recovery",
  "taxonomyLevel3": "",
  "taxonomyLevel4": "",
  "taxonomyLevel5": "",
}
`;
