// Jest Snapshot v1, https://goo.gl/fbAQLP

exports[`Integration::enter password should return enter password page with reauth taxonomy 1`] = `
Object {
  "taxonomyLevel1": "accounts",
  "taxonomyLevel2": "re auth",
}
`;

exports[`Integration::enter password should return error when csrf not present 1`] = `
Object {
  "taxonomyLevel1": undefined,
  "taxonomyLevel2": undefined,
}
`;

exports[`Integration::enter password should return validation error when password is incorrect 1`] = `
Object {
  "taxonomyLevel1": "accounts",
  "taxonomyLevel2": "re auth",
}
`;

exports[`Integration::enter password should return validation error when password not entered 1`] = `
Object {
  "taxonomyLevel1": "accounts",
  "taxonomyLevel2": "re auth",
}
`;
