// Jest Snapshot v1, https://goo.gl/fbAQLP

exports[`Integration::how do you want security codes GET /how-do-you-want-security-codes should return page as expected for AUTH APP user with SMS backup 1`] = `
Object {
  "contentId": "",
  "taxonomyLevel1": "authentication",
  "taxonomyLevel2": "",
  "taxonomyLevel3": "",
  "taxonomyLevel4": "",
  "taxonomyLevel5": "",
}
`;

exports[`Integration::how do you want security codes GET /how-do-you-want-security-codes should return page as expected for SMS user with AUTH APP backup 1`] = `
Object {
  "contentId": "",
  "taxonomyLevel1": "authentication",
  "taxonomyLevel2": "",
  "taxonomyLevel3": "",
  "taxonomyLevel4": "",
  "taxonomyLevel5": "",
}
`;

exports[`Integration::how do you want security codes GET /how-do-you-want-security-codes should return page as expected for SMS user with SMS backup 1`] = `
Object {
  "contentId": "",
  "taxonomyLevel1": "authentication",
  "taxonomyLevel2": "",
  "taxonomyLevel3": "",
  "taxonomyLevel4": "",
  "taxonomyLevel5": "",
}
`;
