// Jest Snapshot v1, https://goo.gl/fbAQLP

exports[`Integration:: authorize should redirect to /sign-in-or-create with Google Analytics tag if 'result' query exists 1`] = `
Object {
  "contentId": "",
  "taxonomyLevel1": "authentication",
  "taxonomyLevel2": "",
  "taxonomyLevel3": "",
  "taxonomyLevel4": "",
  "taxonomyLevel5": "",
}
`;
