// Jest Snapshot v1, https://goo.gl/fbAQLP

exports[`Integration:: enter mfa should return check your phone page with reauth analytics properties 1`] = `
Object {
  "contentId": "c9f09429-b29d-421e-a33a-41149489a0a2",
  "taxonomyLevel1": "accounts",
  "taxonomyLevel2": "re auth",
  "taxonomyLevel3": "",
  "taxonomyLevel4": "",
  "taxonomyLevel5": "",
}
`;
