// Jest Snapshot v1, https://goo.gl/fbAQLP

exports[`Integration::2fa sms (in reset password flow) should render index-security-code-entered-exceeded.njk when user is locked out due to too many incorrect codes 1`] = `
Object {
  "contentId": "",
  "taxonomyLevel1": "authentication",
  "taxonomyLevel2": "account recovery",
  "taxonomyLevel3": "",
  "taxonomyLevel4": "",
  "taxonomyLevel5": "",
}
`;

exports[`Integration::2fa sms (in reset password flow) should return check your phone page 1`] = `
Object {
  "contentId": "",
  "taxonomyLevel1": "authentication",
  "taxonomyLevel2": "account recovery",
  "taxonomyLevel3": "",
  "taxonomyLevel4": "",
  "taxonomyLevel5": "",
}
`;
