// Jest Snapshot v1, https://goo.gl/fbAQLP

exports[`Integration::csrf checks should return error when csrf token does not match that in the session 1`] = `
Object {
  "contentId": "",
  "taxonomyLevel1": "",
  "taxonomyLevel2": "",
  "taxonomyLevel3": "",
  "taxonomyLevel4": "",
  "taxonomyLevel5": "",
}
`;
