// Jest Snapshot v1, https://goo.gl/fbAQLP

exports[`Integration:: updated-terms-code should return update terms and conditions page 1`] = `
Object {
  "contentId": "",
  "taxonomyLevel1": "authentication",
  "taxonomyLevel2": "",
  "taxonomyLevel3": "",
  "taxonomyLevel4": "",
  "taxonomyLevel5": "",
}
`;
